Archive member included to satisfy reference by file (symbol)

C:/nxp/S32DS.3.4/S32DS/build_tools/gcc_b1620/gcc-6.3-arm32-eabi/arm-none-eabi/newlib/lib/thumb/v7e-m/fpv4-sp/hard\libc_nano.a(lib_a-exit.o)
                              C:/nxp/S32DS.3.4/S32DS/build_tools/gcc_b1620/gcc-6.3-arm32-eabi/arm-none-eabi/newlib/lib/thumb/v7e-m/fpv4-sp/hard/crt0.o (exit)
C:/nxp/S32DS.3.4/S32DS/build_tools/gcc_b1620/gcc-6.3-arm32-eabi/arm-none-eabi/newlib/lib/thumb/v7e-m/fpv4-sp/hard\libc_nano.a(lib_a-impure.o)
                              C:/nxp/S32DS.3.4/S32DS/build_tools/gcc_b1620/gcc-6.3-arm32-eabi/arm-none-eabi/newlib/lib/thumb/v7e-m/fpv4-sp/hard\libc_nano.a(lib_a-exit.o) (_global_impure_ptr)
C:/nxp/S32DS.3.4/S32DS/build_tools/gcc_b1620/gcc-6.3-arm32-eabi/arm-none-eabi/newlib/lib/thumb/v7e-m/fpv4-sp/hard\libc_nano.a(lib_a-init.o)
                              C:/nxp/S32DS.3.4/S32DS/build_tools/gcc_b1620/gcc-6.3-arm32-eabi/arm-none-eabi/newlib/lib/thumb/v7e-m/fpv4-sp/hard/crt0.o (__libc_init_array)
C:/nxp/S32DS.3.4/S32DS/build_tools/gcc_b1620/gcc-6.3-arm32-eabi/arm-none-eabi/newlib/lib/thumb/v7e-m/fpv4-sp/hard\libc_nano.a(lib_a-memcpy-stub.o)
                              ./SDK/rtos/FreeRTOS/Source/queue.o (memcpy)
C:/nxp/S32DS.3.4/S32DS/build_tools/gcc_b1620/gcc-6.3-arm32-eabi/arm-none-eabi/newlib/lib/thumb/v7e-m/fpv4-sp/hard\libc_nano.a(lib_a-memset.o)
                              C:/nxp/S32DS.3.4/S32DS/build_tools/gcc_b1620/gcc-6.3-arm32-eabi/arm-none-eabi/newlib/lib/thumb/v7e-m/fpv4-sp/hard/crt0.o (memset)
C:/nxp/S32DS.3.4/S32DS/build_tools/gcc_b1620/gcc-6.3-arm32-eabi/arm-none-eabi/newlib/lib/thumb/v7e-m/fpv4-sp/hard\libc_nano.a(lib_a-strlen.o)
                              ./SDK/rtos/FreeRTOS/Source/tasks.o (strlen)
C:/nxp/S32DS.3.4/S32DS/build_tools/gcc_b1620/gcc-6.3-arm32-eabi/arm-none-eabi/newlib/lib/thumb/v7e-m/fpv4-sp/hard\libnosys.a(_exit.o)
                              C:/nxp/S32DS.3.4/S32DS/build_tools/gcc_b1620/gcc-6.3-arm32-eabi/arm-none-eabi/newlib/lib/thumb/v7e-m/fpv4-sp/hard\libc_nano.a(lib_a-exit.o) (_exit)

Allocating common symbols
Common symbol       size              file

g_xtal0ClkFreq      0x4               ./SDK/platform/drivers/src/clock/S32K1xx/clock_S32K1xx.o
xQueueRegistry      0x40              ./SDK/rtos/FreeRTOS/Source/queue.o
g_RtcClkInFreq      0x4               ./SDK/platform/drivers/src/clock/S32K1xx/clock_S32K1xx.o
g_TClkFreq          0xc               ./SDK/platform/drivers/src/clock/S32K1xx/clock_S32K1xx.o

Discarded input sections

 .text          0x00000000        0x0 c:/nxp/s32ds.3.4/s32ds/build_tools/gcc_v6.3/gcc-6.3-arm32-eabi/bin/../lib/gcc/arm-none-eabi/6.3.1/thumb/v7e-m/fpv4-sp/hard/crti.o
 .data          0x00000000        0x0 c:/nxp/s32ds.3.4/s32ds/build_tools/gcc_v6.3/gcc-6.3-arm32-eabi/bin/../lib/gcc/arm-none-eabi/6.3.1/thumb/v7e-m/fpv4-sp/hard/crti.o
 .bss           0x00000000        0x0 c:/nxp/s32ds.3.4/s32ds/build_tools/gcc_v6.3/gcc-6.3-arm32-eabi/bin/../lib/gcc/arm-none-eabi/6.3.1/thumb/v7e-m/fpv4-sp/hard/crti.o
 .text          0x00000000       0xa4 c:/nxp/s32ds.3.4/s32ds/build_tools/gcc_v6.3/gcc-6.3-arm32-eabi/bin/../lib/gcc/arm-none-eabi/6.3.1/thumb/v7e-m/fpv4-sp/hard/crtbegin.o
 .data          0x00000000        0x4 c:/nxp/s32ds.3.4/s32ds/build_tools/gcc_v6.3/gcc-6.3-arm32-eabi/bin/../lib/gcc/arm-none-eabi/6.3.1/thumb/v7e-m/fpv4-sp/hard/crtbegin.o
 .bss           0x00000000       0x1c c:/nxp/s32ds.3.4/s32ds/build_tools/gcc_v6.3/gcc-6.3-arm32-eabi/bin/../lib/gcc/arm-none-eabi/6.3.1/thumb/v7e-m/fpv4-sp/hard/crtbegin.o
 .init_array    0x00000000        0x4 c:/nxp/s32ds.3.4/s32ds/build_tools/gcc_v6.3/gcc-6.3-arm32-eabi/bin/../lib/gcc/arm-none-eabi/6.3.1/thumb/v7e-m/fpv4-sp/hard/crtbegin.o
 .fini_array    0x00000000        0x4 c:/nxp/s32ds.3.4/s32ds/build_tools/gcc_v6.3/gcc-6.3-arm32-eabi/bin/../lib/gcc/arm-none-eabi/6.3.1/thumb/v7e-m/fpv4-sp/hard/crtbegin.o
 .eh_frame      0x00000000        0x0 c:/nxp/s32ds.3.4/s32ds/build_tools/gcc_v6.3/gcc-6.3-arm32-eabi/bin/../lib/gcc/arm-none-eabi/6.3.1/thumb/v7e-m/fpv4-sp/hard/crtbegin.o
 .jcr           0x00000000        0x0 c:/nxp/s32ds.3.4/s32ds/build_tools/gcc_v6.3/gcc-6.3-arm32-eabi/bin/../lib/gcc/arm-none-eabi/6.3.1/thumb/v7e-m/fpv4-sp/hard/crtbegin.o
 .tm_clone_table
                0x00000000        0x0 c:/nxp/s32ds.3.4/s32ds/build_tools/gcc_v6.3/gcc-6.3-arm32-eabi/bin/../lib/gcc/arm-none-eabi/6.3.1/thumb/v7e-m/fpv4-sp/hard/crtbegin.o
 .comment       0x00000000       0xa1 c:/nxp/s32ds.3.4/s32ds/build_tools/gcc_v6.3/gcc-6.3-arm32-eabi/bin/../lib/gcc/arm-none-eabi/6.3.1/thumb/v7e-m/fpv4-sp/hard/crtbegin.o
 .ARM.attributes
                0x00000000       0x34 c:/nxp/s32ds.3.4/s32ds/build_tools/gcc_v6.3/gcc-6.3-arm32-eabi/bin/../lib/gcc/arm-none-eabi/6.3.1/thumb/v7e-m/fpv4-sp/hard/crtbegin.o
 .text          0x00000000       0x7c C:/nxp/S32DS.3.4/S32DS/build_tools/gcc_b1620/gcc-6.3-arm32-eabi/arm-none-eabi/newlib/lib/thumb/v7e-m/fpv4-sp/hard/crt0.o
[...]
Memory Configuration

Name             Origin             Length             Attributes
m_interrupts     0x00000000         0x00000400         xr
m_flash_config   0x00000400         0x00000010         xr
m_text           0x00000410         0x0007fbf0         xr
m_data           0x1fff8000         0x00008000         rw
m_data_2         0x20000000         0x00007000         rw
*default*        0x00000000         0xffffffff

Linker script and memory map

LOAD c:/nxp/s32ds.3.4/s32ds/build_tools/gcc_v6.3/gcc-6.3-arm32-eabi/bin/../lib/gcc/arm-none-eabi/6.3.1/thumb/v7e-m/fpv4-sp/hard/crti.o
LOAD c:/nxp/s32ds.3.4/s32ds/build_tools/gcc_v6.3/gcc-6.3-arm32-eabi/bin/../lib/gcc/arm-none-eabi/6.3.1/thumb/v7e-m/fpv4-sp/hard/crtbegin.o
LOAD C:/nxp/S32DS.3.4/S32DS/build_tools/gcc_b1620/gcc-6.3-arm32-eabi/arm-none-eabi/newlib/lib/thumb/v7e-m/fpv4-sp/hard/crt0.o
LOAD ./Project_Settings/Startup_Code/startup_S32K144.o
LOAD ./SDK/platform/devices/S32K144/startup/system_S32K144.o
LOAD ./SDK/platform/devices/startup.o
LOAD ./SDK/platform/drivers/src/clock/S32K1xx/clock_S32K1xx.o
LOAD ./SDK/platform/drivers/src/interrupt/interrupt_manager.o
LOAD ./SDK/platform/drivers/src/pins/pins_driver.o
LOAD ./SDK/platform/drivers/src/pins/pins_port_hw_access.o
LOAD ./SDK/rtos/FreeRTOS/Source/croutine.o
LOAD ./SDK/rtos/FreeRTOS/Source/event_groups.o
LOAD ./SDK/rtos/FreeRTOS/Source/list.o
LOAD ./SDK/rtos/FreeRTOS/Source/queue.o
LOAD ./SDK/rtos/FreeRTOS/Source/stream_buffer.o
LOAD ./SDK/rtos/FreeRTOS/Source/tasks.o
LOAD ./SDK/rtos/FreeRTOS/Source/timers.o
LOAD ./SDK/rtos/FreeRTOS/Source/portable/GCC/ARM_CM4F/port.o
LOAD ./SDK/rtos/FreeRTOS/Source/portable/MemMang/heap_1.o
LOAD ./board/clock_config.o
LOAD ./board/peripherals_FreeRTOS.o
LOAD ./board/pin_mux.o
LOAD ./src/DCU/Application/DoorApp/DoorApp.o
LOAD ./src/DCU/Application/WindowApp/WindowApp.o
LOAD ./src/DCU/Communication/Signals/Signals.o
LOAD ./src/DCU/EcuAbstraction/Button/Button.o
LOAD ./src/DCU/EcuAbstraction/Door/Door.o
LOAD ./src/DCU/EcuAbstraction/HwConfig/HwConfig.o
LOAD ./src/DCU/EcuAbstraction/Window/Window.o
LOAD ./src/DCU/Microcontroller/Adc/Adc.o
LOAD ./src/DCU/Microcontroller/Dio/Dio.o
LOAD ./src/DCU/Microcontroller/Mcu/Mcu.o
LOAD ./src/DCU/Microcontroller/Mpu/Mpu.o
LOAD ./src/DCU/Microcontroller/Wdg/Wdg.o
LOAD ./src/DCU/Runtime/DcuTasks.o
LOAD ./src/main.o
LOAD ./src/rtos.o
START GROUP
LOAD c:/nxp/s32ds.3.4/s32ds/build_tools/gcc_v6.3/gcc-6.3-arm32-eabi/bin/../lib/gcc/arm-none-eabi/6.3.1/thumb/v7e-m/fpv4-sp/hard\libgcc.a
LOAD C:/nxp/S32DS.3.4/S32DS/build_tools/gcc_b1620/gcc-6.3-arm32-eabi/arm-none-eabi/newlib/lib/thumb/v7e-m/fpv4-sp/hard\libc_nano.a
END GROUP
START GROUP
LOAD c:/nxp/s32ds.3.4/s32ds/build_tools/gcc_v6.3/gcc-6.3-arm32-eabi/bin/../lib/gcc/arm-none-eabi/6.3.1/thumb/v7e-m/fpv4-sp/hard\libgcc.a
LOAD C:/nxp/S32DS.3.4/S32DS/build_tools/gcc_b1620/gcc-6.3-arm32-eabi/arm-none-eabi/newlib/lib/thumb/v7e-m/fpv4-sp/hard\libc_nano.a
LOAD C:/nxp/S32DS.3.4/S32DS/build_tools/gcc_b1620/gcc-6.3-arm32-eabi/arm-none-eabi/newlib/lib/thumb/v7e-m/fpv4-sp/hard\libnosys.a
END GROUP
START GROUP
LOAD c:/nxp/s32ds.3.4/s32ds/build_tools/gcc_v6.3/gcc-6.3-arm32-eabi/bin/../lib/gcc/arm-none-eabi/6.3.1/thumb/v7e-m/fpv4-sp/hard\libgcc.a
LOAD C:/nxp/S32DS.3.4/S32DS/build_tools/gcc_b1620/gcc-6.3-arm32-eabi/arm-none-eabi/newlib/lib/thumb/v7e-m/fpv4-sp/hard\libc_nano.a
LOAD C:/nxp/S32DS.3.4/S32DS/build_tools/gcc_b1620/gcc-6.3-arm32-eabi/arm-none-eabi/newlib/lib/thumb/v7e-m/fpv4-sp/hard\libnosys.a
END GROUP
LOAD c:/nxp/s32ds.3.4/s32ds/build_tools/gcc_v6.3/gcc-6.3-arm32-eabi/bin/../lib/gcc/arm-none-eabi/6.3.1/thumb/v7e-m/fpv4-sp/hard/crtend.o
LOAD c:/nxp/s32ds.3.4/s32ds/build_tools/gcc_v6.3/gcc-6.3-arm32-eabi/bin/../lib/gcc/arm-none-eabi/6.3.1/thumb/v7e-m/fpv4-sp/hard/crtn.o
                0x00000400                HEAP_SIZE = DEFINED (__heap_size__)?__heap_size__:0x400
                0x00000400                STACK_SIZE = DEFINED (__stack_size__)?__stack_size__:0x400
                0x00000400                M_VECTOR_RAM_SIZE = DEFINED (__flash_vector_table__)?0x0:0x400

.interrupts     0x00000000      0x400
                0x00000000                __VECTOR_TABLE = .
                0x00000000                __interrupts_start__ = .
                0x00000000                . = ALIGN (0x4)
 *(.isr_vector)
 .isr_vector    0x00000000      0x400 ./Project_Settings/Startup_Code/startup_S32K144.o
                0x00000000                __isr_vector
                0x00000400                __interrupts_end__ = .
                0x00000400                . = ALIGN (0x4)

.flash_config   0x00000400       0x10
                0x00000400                . = ALIGN (0x4)
 *(.FlashConfig)
 .FlashConfig   0x00000400       0x10 ./Project_Settings/Startup_Code/startup_S32K144.o
                0x00000410                . = ALIGN (0x4)

.text           0x00000410     0x1d54
                0x00000410                . = ALIGN (0x4)
 *(.text)
 .text          0x00000410       0x6c ./Project_Settings/Startup_Code/startup_S32K144.o
                0x00000410                Reset_Handler
                0x00000478                DebugMon_Handler
                0x00000478                Reserved88_IRQHandler
                0x00000478                CAN0_ORed_IRQHandler
                0x00000478                HardFault_Handler
                0x00000478                Reserved86_IRQHandler
                0x00000478                Reserved103_IRQHandler
                0x00000478                FTM2_Ovf_Reload_IRQHandler
                0x00000478                Reserved50_IRQHandler
                0x00000478                FTFC_Fault_IRQHandler
                0x00000478                FTM0_Ch6_Ch7_IRQHandler
                0x00000478                Reserved114_IRQHandler
                0x00000478                NMI_Handler
                0x00000478                Reserved89_IRQHandler
                0x00000478                ERM_double_fault_IRQHandler
                0x00000478                DMA2_IRQHandler
                0x00000478                Reserved59_IRQHandler
                0x00000478                LPIT0_Ch0_IRQHandler
                0x00000478                Reserved99_IRQHandler
                0x00000478                FTM3_Ch6_Ch7_IRQHandler
                0x00000478                CAN2_ORed_0_15_MB_IRQHandler
                0x00000478                LPIT0_Ch3_IRQHandler
                0x00000478                Reserved92_IRQHandler
                0x00000478                FTM0_Ch4_Ch5_IRQHandler
                0x00000478                CAN1_Error_IRQHandler
                0x00000478                FTM3_Ch0_Ch1_IRQHandler
                0x00000478                SWI_IRQHandler
                0x00000478                ADC0_IRQHandler
                0x00000478                FTM2_Ch4_Ch5_IRQHandler
                0x00000478                UsageFault_Handler
                0x00000478                FTM0_Ovf_Reload_IRQHandler
                0x00000478                DefaultISR
                0x00000478                DMA9_IRQHandler
                0x00000478                Reserved58_IRQHandler
                0x00000478                CAN1_ORed_0_15_MB_IRQHandler
                0x00000478                FTM1_Ch2_Ch3_IRQHandler
                0x00000478                DMA14_IRQHandler
                0x00000478                Reserved82_IRQHandler
                0x00000478                CAN0_ORed_16_31_MB_IRQHandler
                0x00000478                LPI2C0_Slave_IRQHandler
                0x00000478                Reserved71_IRQHandler
                0x00000478                PORTD_IRQHandler
                0x00000478                Reserved69_IRQHandler
                0x00000478                PORTB_IRQHandler
                0x00000478                Reserved70_IRQHandler
                0x00000478                ADC1_IRQHandler
                0x00000478                FTM2_Ch2_Ch3_IRQHandler
                0x00000478                Reserved53_IRQHandler
                0x00000478                DMA5_IRQHandler
                0x00000478                RTC_IRQHandler
                0x00000478                PDB0_IRQHandler
                0x00000478                Reserved54_IRQHandler
                0x00000478                FTM2_Ch6_Ch7_IRQHandler
                0x00000478                FTM3_Ch2_Ch3_IRQHandler
                0x00000478                FTM2_Ch0_Ch1_IRQHandler
                0x00000478                LPSPI1_IRQHandler
                0x00000478                LPUART1_RxTx_IRQHandler
                0x00000478                RTC_Seconds_IRQHandler
                0x00000478                CAN2_ORed_IRQHandler
                0x00000478                Reserved72_IRQHandler
                0x00000478                Reserved110_IRQHandler
                0x00000478                DMA11_IRQHandler
                0x00000478                Reserved107_IRQHandler
                0x00000478                Read_Collision_IRQHandler
                0x00000478                CAN2_Error_IRQHandler
                0x00000478                FTFC_IRQHandler
                0x00000478                DMA7_IRQHandler
                0x00000478                FTM1_Ch6_Ch7_IRQHandler
                0x00000478                Reserved105_IRQHandler
                0x00000478                LPIT0_Ch1_IRQHandler
                0x00000478                FTM1_Ch4_Ch5_IRQHandler
                0x00000478                FTM3_Ovf_Reload_IRQHandler
                0x00000478                LPUART2_RxTx_IRQHandler
                0x00000478                LPSPI0_IRQHandler
                0x00000478                WDOG_EWM_IRQHandler
                0x00000478                Reserved90_IRQHandler
                0x00000478                Reserved83_IRQHandler
                0x00000478                FTM0_Fault_IRQHandler
                0x00000478                Reserved48_IRQHandler
                0x00000478                ERM_single_fault_IRQHandler
                0x00000478                FTM2_Fault_IRQHandler
                0x00000478                FTM0_Ch2_Ch3_IRQHandler
                0x00000478                DMA13_IRQHandler
                0x00000478                FTM0_Ch0_Ch1_IRQHandler
                0x00000478                FTM3_Fault_IRQHandler
                0x00000478                RCM_IRQHandler
                0x00000478                DMA3_IRQHandler
                0x00000478                Reserved100_IRQHandler
                0x00000478                DMA0_IRQHandler
                0x00000478                Reserved91_IRQHandler
                0x00000478                CAN1_ORed_IRQHandler
                0x00000478                DMA15_IRQHandler
                0x00000478                SCG_IRQHandler
                0x00000478                PDB1_IRQHandler
                0x00000478                Reserved81_IRQHandler
                0x00000478                Reserved46_IRQHandler
                0x00000478                Reserved45_IRQHandler
                0x00000478                CAN0_Error_IRQHandler
                0x00000478                Reserved112_IRQHandler
                0x00000478                LPI2C0_Master_IRQHandler
                0x00000478                DMA4_IRQHandler
                0x00000478                FTM1_Fault_IRQHandler
                0x00000478                Reserved106_IRQHandler
                0x00000478                DMA_Error_IRQHandler
                0x00000478                LVD_LVW_IRQHandler
                0x00000478                LPIT0_Ch2_IRQHandler
                0x00000478                PORTA_IRQHandler
                0x00000478                MCM_IRQHandler
                0x00000478                LPSPI2_IRQHandler
                0x00000478                DMA12_IRQHandler
                0x00000478                FTM3_Ch4_Ch5_IRQHandler
                0x00000478                CAN0_ORed_0_15_MB_IRQHandler
                0x00000478                PORTE_IRQHandler
                0x00000478                LPUART0_RxTx_IRQHandler
                0x00000478                LPTMR0_IRQHandler
                0x00000478                Reserved87_IRQHandler
                0x00000478                FTM1_Ovf_Reload_IRQHandler
                0x00000478                DMA8_IRQHandler
                0x00000478                Reserved93_IRQHandler
                0x00000478                DMA10_IRQHandler
                0x00000478                CAN0_Wake_Up_IRQHandler
                0x00000478                CMP0_IRQHandler
                0x00000478                Reserved52_IRQHandler
                0x00000478                PORTC_IRQHandler
                0x00000478                DMA6_IRQHandler
                0x00000478                FTM1_Ch0_Ch1_IRQHandler
                0x00000478                FLEXIO_IRQHandler
                0x00000478                DMA1_IRQHandler
                0x00000478                Reserved113_IRQHandler
 *(.text*)
 .text.SystemInit
                0x0000047c       0x3c ./SDK/platform/devices/S32K144/startup/system_S32K144.o
                0x0000047c                SystemInit
 .text.init_data_bss
                0x000004b8       0xd8 ./SDK/platform/devices/startup.o
                0x000004b8                init_data_bss
 .text.PINS_DRV_Init
                0x00000590       0x20 ./SDK/platform/drivers/src/pins/pins_driver.o
                0x00000590                PINS_DRV_Init
 .text.PINS_GetAdcInterleaveVal
                0x000005b0       0x70 ./SDK/platform/drivers/src/pins/pins_port_hw_access.o
 .text.PINS_Init
                0x00000620      0x138 ./SDK/platform/drivers/src/pins/pins_port_hw_access.o
                0x00000620                PINS_Init
 .text.vListInitialise
                0x00000758       0x16 ./SDK/rtos/FreeRTOS/Source/list.o
                0x00000758                vListInitialise
 .text.vListInitialiseItem
                0x0000076e        0x6 ./SDK/rtos/FreeRTOS/Source/list.o
                0x0000076e                vListInitialiseItem
 .text.vListInsertEnd
                0x00000774       0x18 ./SDK/rtos/FreeRTOS/Source/list.o
                0x00000774                vListInsertEnd
 .text.vListInsert
                0x0000078c       0x34 ./SDK/rtos/FreeRTOS/Source/list.o
                0x0000078c                vListInsert
 .text.uxListRemove
                0x000007c0       0x26 ./SDK/rtos/FreeRTOS/Source/list.o
                0x000007c0                uxListRemove
 .text.prvIsQueueEmpty
                0x000007e6       0x16 ./SDK/rtos/FreeRTOS/Source/queue.o
 .text.prvCopyDataToQueue
                0x000007fc       0x76 ./SDK/rtos/FreeRTOS/Source/queue.o
 .text.prvCopyDataFromQueue
                0x00000872       0x24 ./SDK/rtos/FreeRTOS/Source/queue.o
 .text.prvUnlockQueue
                0x00000896       0x82 ./SDK/rtos/FreeRTOS/Source/queue.o
 .text.xQueueGenericReset
                0x00000918       0x80 ./SDK/rtos/FreeRTOS/Source/queue.o
                0x00000918                xQueueGenericReset
 .text.xQueueGenericCreate
                0x00000998       0x44 ./SDK/rtos/FreeRTOS/Source/queue.o
                0x00000998                xQueueGenericCreate
 .text.xQueueGenericSend
                0x000009dc      0x188 ./SDK/rtos/FreeRTOS/Source/queue.o
                0x000009dc                xQueueGenericSend
 .text.xQueueGenericSendFromISR
                0x00000b64       0xd6 ./SDK/rtos/FreeRTOS/Source/queue.o
                0x00000b64                xQueueGenericSendFromISR
 *fill*         0x00000c3a        0x2 
 .text.xQueueReceive
                0x00000c3c      0x158 ./SDK/rtos/FreeRTOS/Source/queue.o
                0x00000c3c                xQueueReceive
 .text.vQueueAddToRegistry
                0x00000d94       0x34 ./SDK/rtos/FreeRTOS/Source/queue.o
                0x00000d94                vQueueAddToRegistry
 .text.vQueueWaitForMessageRestricted
                0x00000dc8       0x4e ./SDK/rtos/FreeRTOS/Source/queue.o
                0x00000dc8                vQueueWaitForMessageRestricted
 *fill*         0x00000e16        0x2 
 .text.prvResetNextTaskUnblockTime
                0x00000e18       0x2c ./SDK/rtos/FreeRTOS/Source/tasks.o
 .text.prvAddCurrentTaskToDelayedList
                0x00000e44       0xa0 ./SDK/rtos/FreeRTOS/Source/tasks.o
 .text.prvIdleTask
                0x00000ee4       0x74 ./SDK/rtos/FreeRTOS/Source/tasks.o
 .text.xTaskCreate
                0x00000f58      0x1f4 ./SDK/rtos/FreeRTOS/Source/tasks.o
                0x00000f58                xTaskCreate
 .text.vTaskStartScheduler
                0x0000114c       0x84 ./SDK/rtos/FreeRTOS/Source/tasks.o
                0x0000114c                vTaskStartScheduler
 .text.vTaskSuspendAll
                0x000011d0       0x10 ./SDK/rtos/FreeRTOS/Source/tasks.o
                0x000011d0                vTaskSuspendAll
 .text.xTaskGetTickCount
                0x000011e0        0xc ./SDK/rtos/FreeRTOS/Source/tasks.o
                0x000011e0                xTaskGetTickCount
 .text.xTaskIncrementTick
                0x000011ec      0x138 ./SDK/rtos/FreeRTOS/Source/tasks.o
                0x000011ec                xTaskIncrementTick
 .text.xTaskResumeAll
                0x00001324      0x100 ./SDK/rtos/FreeRTOS/Source/tasks.o
                0x00001324                xTaskResumeAll
 .text.vTaskDelayUntil
                0x00001424       0xa0 ./SDK/rtos/FreeRTOS/Source/tasks.o
                0x00001424                vTaskDelayUntil
 .text.vTaskSwitchContext
                0x000014c4       0xc4 ./SDK/rtos/FreeRTOS/Source/tasks.o
                0x000014c4                vTaskSwitchContext
 .text.vTaskPlaceOnEventList
                0x00001588       0x30 ./SDK/rtos/FreeRTOS/Source/tasks.o
                0x00001588                vTaskPlaceOnEventList
 .text.vTaskPlaceOnEventListRestricted
                0x000015b8       0x3c ./SDK/rtos/FreeRTOS/Source/tasks.o
                0x000015b8                vTaskPlaceOnEventListRestricted
 .text.xTaskRemoveFromEventList
                0x000015f4       0x88 ./SDK/rtos/FreeRTOS/Source/tasks.o
                0x000015f4                xTaskRemoveFromEventList
 .text.vTaskInternalSetTimeOutState
                0x0000167c       0x18 ./SDK/rtos/FreeRTOS/Source/tasks.o
                0x0000167c                vTaskInternalSetTimeOutState
 .text.xTaskCheckForTimeOut
                0x00001694       0x9c ./SDK/rtos/FreeRTOS/Source/tasks.o
                0x00001694                xTaskCheckForTimeOut
 .text.vTaskMissedYield
                0x00001730        0xc ./SDK/rtos/FreeRTOS/Source/tasks.o
                0x00001730                vTaskMissedYield
 .text.xTaskGetSchedulerState
                0x0000173c       0x20 ./SDK/rtos/FreeRTOS/Source/tasks.o
                0x0000173c                xTaskGetSchedulerState
 .text.xTaskPriorityDisinherit
                0x0000175c       0xb0 ./SDK/rtos/FreeRTOS/Source/tasks.o
                0x0000175c                xTaskPriorityDisinherit
 .text.prvInsertTimerInActiveList
                0x0000180c       0x48 ./SDK/rtos/FreeRTOS/Source/timers.o
 .text.prvCheckForValidListAndQueue
                0x00001854       0x5c ./SDK/rtos/FreeRTOS/Source/timers.o
 .text.xTimerCreateTimerTask
                0x000018b0       0x4c ./SDK/rtos/FreeRTOS/Source/timers.o
                0x000018b0                xTimerCreateTimerTask
 .text.xTimerGenericCommand
                0x000018fc       0x60 ./SDK/rtos/FreeRTOS/Source/timers.o
                0x000018fc                xTimerGenericCommand
 .text.prvSampleTimeNow
                0x0000195c       0xac ./SDK/rtos/FreeRTOS/Source/timers.o
 .text.prvTimerTask
                0x00001a08      0x1e8 ./SDK/rtos/FreeRTOS/Source/timers.o
 .text.prvTaskExitError
                0x00001bf0       0x40 ./SDK/rtos/FreeRTOS/Source/portable/GCC/ARM_CM4F/port.o
 .text.prvPortStartFirstTask
                0x00001c30       0x28 ./SDK/rtos/FreeRTOS/Source/portable/GCC/ARM_CM4F/port.o
 .text.vPortEnableVFP
                0x00001c58       0x14 ./SDK/rtos/FreeRTOS/Source/portable/GCC/ARM_CM4F/port.o
 .text.pxPortInitialiseStack
                0x00001c6c       0x2c ./SDK/rtos/FreeRTOS/Source/portable/GCC/ARM_CM4F/port.o
                0x00001c6c                pxPortInitialiseStack
 *fill*         0x00001c98        0x8 
 .text.SVC_Handler
                0x00001ca0       0x24 ./SDK/rtos/FreeRTOS/Source/portable/GCC/ARM_CM4F/port.o
                0x00001ca0                SVC_Handler
 .text.vPortEnterCritical
                0x00001cc4       0x44 ./SDK/rtos/FreeRTOS/Source/portable/GCC/ARM_CM4F/port.o
                0x00001cc4                vPortEnterCritical
 .text.vPortExitCritical
                0x00001d08       0x2c ./SDK/rtos/FreeRTOS/Source/portable/GCC/ARM_CM4F/port.o
                0x00001d08                vPortExitCritical
 *fill*         0x00001d34        0xc 
 .text.PendSV_Handler
                0x00001d40       0x64 ./SDK/rtos/FreeRTOS/Source/portable/GCC/ARM_CM4F/port.o
                0x00001d40                PendSV_Handler
 .text.SysTick_Handler
                0x00001da4       0x2c ./SDK/rtos/FreeRTOS/Source/portable/GCC/ARM_CM4F/port.o
                0x00001da4                SysTick_Handler
 .text.vPortSetupTimerInterrupt
                0x00001dd0       0x24 ./SDK/rtos/FreeRTOS/Source/portable/GCC/ARM_CM4F/port.o
                0x00001dd0                vPortSetupTimerInterrupt
 .text.xPortStartScheduler
                0x00001df4      0x118 ./SDK/rtos/FreeRTOS/Source/portable/GCC/ARM_CM4F/port.o
                0x00001df4                xPortStartScheduler
 .text.vPortValidateInterruptPriority
                0x00001f0c       0x5c ./SDK/rtos/FreeRTOS/Source/portable/GCC/ARM_CM4F/port.o
                0x00001f0c                vPortValidateInterruptPriority
 .text.pvPortMalloc
                0x00001f68       0x64 ./SDK/rtos/FreeRTOS/Source/portable/MemMang/heap_1.o
                0x00001f68                pvPortMalloc
 .text.vPortFree
                0x00001fcc       0x16 ./SDK/rtos/FreeRTOS/Source/portable/MemMang/heap_1.o
                0x00001fcc                vPortFree
 *fill*         0x00001fe2        0x2 
 .text.xPortGetFreeHeapSize
                0x00001fe4       0x10 ./SDK/rtos/FreeRTOS/Source/portable/MemMang/heap_1.o
                0x00001fe4                xPortGetFreeHeapSize
 .text.Adc_Init
                0x00001ff4        0xc ./src/DCU/Microcontroller/Adc/Adc.o
                0x00001ff4                Adc_Init
 .text.Dio_Init
                0x00002000       0x10 ./src/DCU/Microcontroller/Dio/Dio.o
                0x00002000                Dio_Init
 .text.Mcu_Init
                0x00002010        0x2 ./src/DCU/Microcontroller/Mcu/Mcu.o
                0x00002010                Mcu_Init
 .text.Mpu_StoreError
                0x00002012        0x2 ./src/DCU/Microcontroller/Mpu/Mpu.o
 .text.MemManage_Handler
                0x00002014        0x2 ./src/DCU/Microcontroller/Mpu/Mpu.o
                0x00002014                MemManage_Handler
 .text.BusFault_Handler
                0x00002016       0x14 ./src/DCU/Microcontroller/Mpu/Mpu.o
                0x00002016                BusFault_Handler
 .text.Mpu_Init
                0x0000202a        0x2 ./src/DCU/Microcontroller/Mpu/Mpu.o
                0x0000202a                Mpu_Init
 .text.Wdg_Init
                0x0000202c        0x2 ./src/DCU/Microcontroller/Wdg/Wdg.o
                0x0000202c                Wdg_Init
 .text.app_task_100ms
                0x0000202e       0x1a ./src/DCU/Runtime/DcuTasks.o
                0x0000202e                app_task_100ms
 .text.app_task_10ms
                0x00002048       0x1a ./src/DCU/Runtime/DcuTasks.o
                0x00002048                app_task_10ms
 *fill*         0x00002062        0x2 
 .text.Tasks_StartOS
                0x00002064       0x44 ./src/DCU/Runtime/DcuTasks.o
                0x00002064                Tasks_StartOS
 .text.init_hook
                0x000020a8       0x18 ./src/DCU/Runtime/DcuTasks.o
                0x000020a8                init_hook
 .text.main     0x000020c0        0xa ./src/main.o
                0x000020c0                main
 .text.vApplicationMallocFailedHook
                0x000020ca       0x12 ./src/rtos.o
                0x000020ca                vApplicationMallocFailedHook
 .text.vApplicationStackOverflowHook
                0x000020dc       0x12 ./src/rtos.o
                0x000020dc                vApplicationStackOverflowHook
 .text.vApplicationIdleHook
                0x000020ee       0x12 ./src/rtos.o
                0x000020ee                vApplicationIdleHook
 .text.vApplicationTickHook
                0x00002100        0x2 ./src/rtos.o
                0x00002100                vApplicationTickHook
 .text.memcpy   0x00002102       0x1c C:/nxp/S32DS.3.4/S32DS/build_tools/gcc_b1620/gcc-6.3-arm32-eabi/arm-none-eabi/newlib/lib/thumb/v7e-m/fpv4-sp/hard\libc_nano.a(lib_a-memcpy-stub.o)
                0x00002102                memcpy
 .text.memset   0x0000211e       0x10 C:/nxp/S32DS.3.4/S32DS/build_tools/gcc_b1620/gcc-6.3-arm32-eabi/arm-none-eabi/newlib/lib/thumb/v7e-m/fpv4-sp/hard\libc_nano.a(lib_a-memset.o)
                0x0000211e                memset
 *(.rodata)
 *(.rodata*)
 *fill*         0x0000212e        0x2 
 .rodata.vTaskStartScheduler.str1.4
                0x00002130        0x5 ./SDK/rtos/FreeRTOS/Source/tasks.o
 *fill*         0x00002135        0x3 
 .rodata.prvCheckForValidListAndQueue.str1.4
                0x00002138        0x5 ./SDK/rtos/FreeRTOS/Source/timers.o
 *fill*         0x0000213d        0x3 
 .rodata.xTimerCreateTimerTask.str1.4
                0x00002140        0x8 ./SDK/rtos/FreeRTOS/Source/timers.o
 .rodata.Tasks_StartOS.str1.4
                0x00002148       0x14 ./src/DCU/Runtime/DcuTasks.o
 *(.init)
 .init          0x0000215c        0x4 c:/nxp/s32ds.3.4/s32ds/build_tools/gcc_v6.3/gcc-6.3-arm32-eabi/bin/../lib/gcc/arm-none-eabi/6.3.1/thumb/v7e-m/fpv4-sp/hard/crti.o
                0x0000215c                _init
 *(.fini)
 .fini          0x00002160        0x4 c:/nxp/s32ds.3.4/s32ds/build_tools/gcc_v6.3/gcc-6.3-arm32-eabi/bin/../lib/gcc/arm-none-eabi/6.3.1/thumb/v7e-m/fpv4-sp/hard/crti.o
                0x00002160                _fini
 *(.eh_frame)
                0x00002164                . = ALIGN (0x4)

.glue_7         0x00002164        0x0
 .glue_7        0x00002164        0x0 linker stubs

.glue_7t        0x00002164        0x0
 .glue_7t       0x00002164        0x0 linker stubs

.vfp11_veneer   0x00002164        0x0
 .vfp11_veneer  0x00002164        0x0 linker stubs

.v4_bx          0x00002164        0x0
 .v4_bx         0x00002164        0x0 linker stubs

.iplt           0x00002164        0x0
 .iplt          0x00002164        0x0 c:/nxp/s32ds.3.4/s32ds/build_tools/gcc_v6.3/gcc-6.3-arm32-eabi/bin/../lib/gcc/arm-none-eabi/6.3.1/thumb/v7e-m/fpv4-sp/hard/crtbegin.o

.rel.dyn        0x00002164        0x0
 .rel.iplt      0x00002164        0x0 c:/nxp/s32ds.3.4/s32ds/build_tools/gcc_v6.3/gcc-6.3-arm32-eabi/bin/../lib/gcc/arm-none-eabi/6.3.1/thumb/v7e-m/fpv4-sp/hard/crtbegin.o

.ARM            0x00002164        0x0
                0x00002164                __exidx_start = .
 *(.ARM.exidx*)
                0x00002164                __exidx_end = .
                0x00002164                __etext = .
                0x00002164                __DATA_ROM = .

.interrupts_ram
                0x1fff8000      0x400
                0x1fff8000                . = ALIGN (0x4)
                0x1fff8000                __VECTOR_RAM__ = .
                0x1fff8000                __RAM_START = .
                0x1fff8000                __interrupts_ram_start__ = .
 *(.m_interrupts_ram)
                0x1fff8400                . = (. + M_VECTOR_RAM_SIZE)
 *fill*         0x1fff8000      0x400 
                0x1fff8400                . = ALIGN (0x4)
                0x1fff8400                __interrupts_ram_end__ = .
                0x1fff8000                __VECTOR_RAM = DEFINED (__flash_vector_table__)?ORIGIN (m_interrupts):__VECTOR_RAM__
                0x00000400                __RAM_VECTOR_TABLE_SIZE = DEFINED (__flash_vector_table__)?0x0:(__interrupts_ram_end__ - __interrupts_ram_start__)

.data           0x1fff8400       0x7c load address 0x00002164
                0x1fff8400                . = ALIGN (0x4)
                0x1fff8400                __DATA_RAM = .
                0x1fff8400                __data_start__ = .
 *(.data)
 *(.data*)
 .data.uxCriticalNesting
                0x1fff8400        0x4 ./SDK/rtos/FreeRTOS/Source/portable/GCC/ARM_CM4F/port.o
 .data.g_pin_mux_InitConfigArr0
                0x1fff8404       0x78 ./board/pin_mux.o
                0x1fff8404                g_pin_mux_InitConfigArr0
                0x1fff847c                . = ALIGN (0x4)
                0x1fff847c                __data_end__ = .
                0x000021e0                __DATA_END = (__DATA_ROM + (__data_end__ - __data_start__))
                0x000021e0                __CODE_ROM = __DATA_END

.igot.plt       0x1fff847c        0x0 load address 0x000021e0
 .igot.plt      0x1fff847c        0x0 c:/nxp/s32ds.3.4/s32ds/build_tools/gcc_v6.3/gcc-6.3-arm32-eabi/bin/../lib/gcc/arm-none-eabi/6.3.1/thumb/v7e-m/fpv4-sp/hard/crtbegin.o

.code           0x1fff847c        0x0 load address 0x000021e0
                0x1fff847c                . = ALIGN (0x4)
                0x1fff847c                __CODE_RAM = .
                0x1fff847c                __code_start__ = .
                0x1fff847c                __code_ram_start__ = .
 *(.code_ram)
                0x1fff847c                . = ALIGN (0x4)
                0x1fff847c                __code_end__ = .
                0x1fff847c                __code_ram_end__ = .
                0x000021e0                __CODE_END = (__CODE_ROM + (__code_end__ - __code_start__))
                0x000021e0                __CUSTOM_ROM = __CODE_END

.customSectionBlock
                0x20000000        0x0 load address 0x000021e0
                0x20000000                __customSection_start__ = .
 *(.customSection)
                0x20000000                __customSection_end__ = .
                0x000021e0                __CUSTOM_END = (__CUSTOM_ROM + (__customSection_end__ - __customSection_start__))
                0x000021e0                __rom_end = __CUSTOM_END

.bss            0x20000000     0x2194
                0x20000000                . = ALIGN (0x4)
                0x20000000                __BSS_START = .
                0x20000000                __bss_start__ = .
 *(.bss)
 *(.bss*)
 .bss.pxCurrentTCB
                0x20000000        0x4 ./SDK/rtos/FreeRTOS/Source/tasks.o
                0x20000000                pxCurrentTCB
 .bss.pxDelayedTaskList
                0x20000004        0x4 ./SDK/rtos/FreeRTOS/Source/tasks.o
 .bss.pxOverflowDelayedTaskList
                0x20000008        0x4 ./SDK/rtos/FreeRTOS/Source/tasks.o
 .bss.pxReadyTasksLists
                0x2000000c       0x64 ./SDK/rtos/FreeRTOS/Source/tasks.o
 .bss.uxCurrentNumberOfTasks
                0x20000070        0x4 ./SDK/rtos/FreeRTOS/Source/tasks.o
 .bss.uxDeletedTasksWaitingCleanUp
                0x20000074        0x4 ./SDK/rtos/FreeRTOS/Source/tasks.o
 .bss.uxPendedTicks
                0x20000078        0x4 ./SDK/rtos/FreeRTOS/Source/tasks.o
 .bss.uxSchedulerSuspended
                0x2000007c        0x4 ./SDK/rtos/FreeRTOS/Source/tasks.o
 .bss.uxTaskNumber
                0x20000080        0x4 ./SDK/rtos/FreeRTOS/Source/tasks.o
 .bss.uxTopReadyPriority
                0x20000084        0x4 ./SDK/rtos/FreeRTOS/Source/tasks.o
 .bss.xDelayedTaskList1
                0x20000088       0x14 ./SDK/rtos/FreeRTOS/Source/tasks.o
 .bss.xDelayedTaskList2
                0x2000009c       0x14 ./SDK/rtos/FreeRTOS/Source/tasks.o
 .bss.xIdleTaskHandle
                0x200000b0        0x4 ./SDK/rtos/FreeRTOS/Source/tasks.o
 .bss.xNextTaskUnblockTime
                0x200000b4        0x4 ./SDK/rtos/FreeRTOS/Source/tasks.o
 .bss.xNumOfOverflows
                0x200000b8        0x4 ./SDK/rtos/FreeRTOS/Source/tasks.o
 .bss.xPendingReadyList
                0x200000bc       0x14 ./SDK/rtos/FreeRTOS/Source/tasks.o
 .bss.xSchedulerRunning
                0x200000d0        0x4 ./SDK/rtos/FreeRTOS/Source/tasks.o
 .bss.xSuspendedTaskList
                0x200000d4       0x14 ./SDK/rtos/FreeRTOS/Source/tasks.o
 .bss.xTasksWaitingTermination
                0x200000e8       0x14 ./SDK/rtos/FreeRTOS/Source/tasks.o
 .bss.xTickCount
                0x200000fc        0x4 ./SDK/rtos/FreeRTOS/Source/tasks.o
 .bss.xYieldPending
                0x20000100        0x4 ./SDK/rtos/FreeRTOS/Source/tasks.o
 .bss.pxCurrentTimerList
                0x20000104        0x4 ./SDK/rtos/FreeRTOS/Source/timers.o
 .bss.pxOverflowTimerList
                0x20000108        0x4 ./SDK/rtos/FreeRTOS/Source/timers.o
 .bss.xActiveTimerList1
                0x2000010c       0x14 ./SDK/rtos/FreeRTOS/Source/timers.o
 .bss.xActiveTimerList2
                0x20000120       0x14 ./SDK/rtos/FreeRTOS/Source/timers.o
 .bss.xLastTime.6408
                0x20000134        0x4 ./SDK/rtos/FreeRTOS/Source/timers.o
 .bss.xTimerQueue
                0x20000138        0x4 ./SDK/rtos/FreeRTOS/Source/timers.o
 .bss.xTimerTaskHandle
                0x2000013c        0x4 ./SDK/rtos/FreeRTOS/Source/timers.o
 .bss.ucMaxSysCallPriority
                0x20000140        0x1 ./SDK/rtos/FreeRTOS/Source/portable/GCC/ARM_CM4F/port.o
 *fill*         0x20000141        0x3 
 .bss.ulMaxPRIGROUPValue
                0x20000144        0x4 ./SDK/rtos/FreeRTOS/Source/portable/GCC/ARM_CM4F/port.o
 .bss.pucAlignedHeap.6098
                0x20000148        0x4 ./SDK/rtos/FreeRTOS/Source/portable/MemMang/heap_1.o
 .bss.ucHeap    0x2000014c     0x2000 ./SDK/rtos/FreeRTOS/Source/portable/MemMang/heap_1.o
 .bss.xNextFreeByte
                0x2000214c        0x4 ./SDK/rtos/FreeRTOS/Source/portable/MemMang/heap_1.o
 .bss.Adc_AntiPinch
                0x20002150        0x2 ./src/DCU/Microcontroller/Adc/Adc.o
 *(COMMON)
 *fill*         0x20002152        0x2 
 COMMON         0x20002154       0x40 ./SDK/rtos/FreeRTOS/Source/queue.o
                0x20002154                xQueueRegistry
                0x20002194                . = ALIGN (0x4)
                0x20002194                __bss_end__ = .
                0x20002194                __BSS_END = .

.heap           0x20002194      0x404
                0x20002198                . = ALIGN (0x8)
 *fill*         0x20002194        0x4 
                0x20002198                __end__ = .
                0x20002198                __heap_start__ = .
                [!provide]                PROVIDE (end, .)
                [!provide]                PROVIDE (_end, .)
                [!provide]                PROVIDE (__end, .)
                0x20002198                __HeapBase = .
                0x20002598                . = (. + HEAP_SIZE)
 *fill*         0x20002198      0x400 
                0x20002598                __HeapLimit = .
                0x20002598                __heap_limit = .
                0x20002598                __heap_end__ = .
                0x20007000                __StackTop = (ORIGIN (m_data_2) + LENGTH (m_data_2))
                0x20006c00                __StackLimit = (__StackTop - STACK_SIZE)
                0x20007000                PROVIDE (__stack, __StackTop)
                0x20007000                __RAM_END = __StackTop

.stack          0x20006c00      0x400
                0x20006c00                . = ALIGN (0x8)
                0x20006c00                __stack_start__ = .
                0x20007000                . = (. + STACK_SIZE)
 *fill*         0x20006c00      0x400 
                0x20007000                __stack_end__ = .

.ARM.attributes
                0x00000000       0x30
 *(.ARM.attributes)
 .ARM.attributes
                0x00000000       0x22 c:/nxp/s32ds.3.4/s32ds/build_tools/gcc_v6.3/gcc-6.3-arm32-eabi/bin/../lib/gcc/arm-none-eabi/6.3.1/thumb/v7e-m/fpv4-sp/hard/crti.o
 .ARM.attributes
                0x00000022       0x1f ./Project_Settings/Startup_Code/startup_S32K144.o
 .ARM.attributes
                0x00000041       0x39 ./SDK/platform/devices/S32K144/startup/system_S32K144.o
 .ARM.attributes
                0x0000007a       0x39 ./SDK/platform/devices/startup.o
 .ARM.attributes
                0x000000b3       0x39 ./SDK/platform/drivers/src/pins/pins_driver.o
 .ARM.attributes
                0x000000ec       0x39 ./SDK/platform/drivers/src/pins/pins_port_hw_access.o
 .ARM.attributes
                0x00000125       0x39 ./SDK/rtos/FreeRTOS/Source/list.o
 .ARM.attributes
                0x0000015e       0x39 ./SDK/rtos/FreeRTOS/Source/queue.o
 .ARM.attributes
                0x00000197       0x39 ./SDK/rtos/FreeRTOS/Source/tasks.o
 .ARM.attributes
                0x000001d0       0x39 ./SDK/rtos/FreeRTOS/Source/timers.o
 .ARM.attributes
                0x00000209       0x39 ./SDK/rtos/FreeRTOS/Source/portable/GCC/ARM_CM4F/port.o
 .ARM.attributes
                0x00000242       0x39 ./SDK/rtos/FreeRTOS/Source/portable/MemMang/heap_1.o
 .ARM.attributes
                0x0000027b       0x39 ./board/pin_mux.o
 .ARM.attributes
                0x000002b4       0x39 ./src/DCU/Microcontroller/Adc/Adc.o
 .ARM.attributes
                0x000002ed       0x39 ./src/DCU/Microcontroller/Dio/Dio.o
 .ARM.attributes
                0x00000326       0x39 ./src/DCU/Microcontroller/Mcu/Mcu.o
 .ARM.attributes
                0x0000035f       0x39 ./src/DCU/Microcontroller/Mpu/Mpu.o
 .ARM.attributes
                0x00000398       0x39 ./src/DCU/Microcontroller/Wdg/Wdg.o
 .ARM.attributes
                0x000003d1       0x39 ./src/DCU/Runtime/DcuTasks.o
 .ARM.attributes
                0x0000040a       0x39 ./src/main.o
 .ARM.attributes
                0x00000443       0x39 ./src/rtos.o
 .ARM.attributes
                0x0000047c       0x34 C:/nxp/S32DS.3.4/S32DS/build_tools/gcc_b1620/gcc-6.3-arm32-eabi/arm-none-eabi/newlib/lib/thumb/v7e-m/fpv4-sp/hard\libc_nano.a(lib_a-memcpy-stub.o)
 .ARM.attributes
                0x000004b0       0x34 C:/nxp/S32DS.3.4/S32DS/build_tools/gcc_b1620/gcc-6.3-arm32-eabi/arm-none-eabi/newlib/lib/thumb/v7e-m/fpv4-sp/hard\libc_nano.a(lib_a-memset.o)
                0x00000001                ASSERT ((__rom_end <= (ORIGIN (m_text) + LENGTH (m_text))), Region m_text overflowed!)
                0x00000001                ASSERT ((__StackLimit >= __HeapLimit), region m_data_2 overflowed with stack and heap)
OUTPUT(DCU_2021B_Equipo2.elf elf32-littlearm)

.debug_line     0x00000000     0x6dcc
 .debug_line    0x00000000       0xcc ./Project_Settings/Startup_Code/startup_S32K144.o
 .debug_line    0x000000cc      0x423 ./SDK/platform/devices/S32K144/startup/system_S32K144.o
 .debug_line    0x000004ef      0x3b1 ./SDK/platform/devices/startup.o
 .debug_line    0x000008a0      0x6f1 ./SDK/platform/drivers/src/pins/pins_driver.o
 .debug_line    0x00000f91      0x5b0 ./SDK/platform/drivers/src/pins/pins_port_hw_access.o
 .debug_line    0x00001541      0x4e6 ./SDK/rtos/FreeRTOS/Source/list.o
 .debug_line    0x00001a27      0xb0b ./SDK/rtos/FreeRTOS/Source/queue.o
 .debug_line    0x00002532      0xef6 ./SDK/rtos/FreeRTOS/Source/tasks.o
 .debug_line    0x00003428      0x73b ./SDK/rtos/FreeRTOS/Source/timers.o
 .debug_line    0x00003b63      0x536 ./SDK/rtos/FreeRTOS/Source/portable/GCC/ARM_CM4F/port.o
 .debug_line    0x00004099      0x4e7 ./SDK/rtos/FreeRTOS/Source/portable/MemMang/heap_1.o
 .debug_line    0x00004580      0x3ea ./board/pin_mux.o
 .debug_line    0x0000496a       0xd6 ./src/DCU/Microcontroller/Adc/Adc.o
 .debug_line    0x00004a40      0x7f4 ./src/DCU/Microcontroller/Dio/Dio.o
 .debug_line    0x00005234       0xb6 ./src/DCU/Microcontroller/Mcu/Mcu.o
 .debug_line    0x000052ea       0xe4 ./src/DCU/Microcontroller/Mpu/Mpu.o
 .debug_line    0x000053ce       0xc5 ./src/DCU/Microcontroller/Wdg/Wdg.o
 .debug_line    0x00005493      0xb2e ./src/DCU/Runtime/DcuTasks.o
 .debug_line    0x00005fc1      0x68c ./src/main.o
 .debug_line    0x0000664d      0x77f ./src/rtos.o

.debug_info     0x00000000    0x11ce5
 .debug_info    0x00000000       0x26 ./Project_Settings/Startup_Code/startup_S32K144.o
 .debug_info    0x00000026      0x521 ./SDK/platform/devices/S32K144/startup/system_S32K144.o
 .debug_info    0x00000547      0x2ad ./SDK/platform/devices/startup.o
 .debug_info    0x000007f4     0x14b7 ./SDK/platform/drivers/src/pins/pins_driver.o
 .debug_info    0x00001cab      0x9a5 ./SDK/platform/drivers/src/pins/pins_port_hw_access.o
 .debug_info    0x00002650      0xaae ./SDK/rtos/FreeRTOS/Source/list.o
 .debug_info    0x000030fe     0x2822 ./SDK/rtos/FreeRTOS/Source/queue.o
 .debug_info    0x00005920     0x31bf ./SDK/rtos/FreeRTOS/Source/tasks.o
 .debug_info    0x00008adf     0x1b32 ./SDK/rtos/FreeRTOS/Source/timers.o
 .debug_info    0x0000a611      0x560 ./SDK/rtos/FreeRTOS/Source/portable/GCC/ARM_CM4F/port.o
 .debug_info    0x0000ab71      0xa19 ./SDK/rtos/FreeRTOS/Source/portable/MemMang/heap_1.o
 .debug_info    0x0000b58a      0x409 ./board/pin_mux.o
 .debug_info    0x0000b993       0xb2 ./src/DCU/Microcontroller/Adc/Adc.o
 .debug_info    0x0000ba45     0x1703 ./src/DCU/Microcontroller/Dio/Dio.o
 .debug_info    0x0000d148       0x65 ./src/DCU/Microcontroller/Mcu/Mcu.o
 .debug_info    0x0000d1ad       0xbb ./src/DCU/Microcontroller/Mpu/Mpu.o
 .debug_info    0x0000d268       0x93 ./src/DCU/Microcontroller/Wdg/Wdg.o
 .debug_info    0x0000d2fb     0x16d4 ./src/DCU/Runtime/DcuTasks.o
 .debug_info    0x0000e9cf     0x1506 ./src/main.o
 .debug_info    0x0000fed5     0x1e10 ./src/rtos.o

.debug_abbrev   0x00000000     0x225d
 .debug_abbrev  0x00000000       0x14 ./Project_Settings/Startup_Code/startup_S32K144.o
 .debug_abbrev  0x00000014      0x141 ./SDK/platform/devices/S32K144/startup/system_S32K144.o
 .debug_abbrev  0x00000155       0xe1 ./SDK/platform/devices/startup.o
 .debug_abbrev  0x00000236      0x2f6 ./SDK/platform/drivers/src/pins/pins_driver.o
 .debug_abbrev  0x0000052c      0x232 ./SDK/platform/drivers/src/pins/pins_port_hw_access.o
 .debug_abbrev  0x0000075e      0x1da ./SDK/rtos/FreeRTOS/Source/list.o
 .debug_abbrev  0x00000938      0x390 ./SDK/rtos/FreeRTOS/Source/queue.o
 .debug_abbrev  0x00000cc8      0x3e5 ./SDK/rtos/FreeRTOS/Source/tasks.o
 .debug_abbrev  0x000010ad      0x387 ./SDK/rtos/FreeRTOS/Source/timers.o
 .debug_abbrev  0x00001434      0x22a ./SDK/rtos/FreeRTOS/Source/portable/GCC/ARM_CM4F/port.o
 .debug_abbrev  0x0000165e      0x27c ./SDK/rtos/FreeRTOS/Source/portable/MemMang/heap_1.o
 .debug_abbrev  0x000018da       0xcd ./board/pin_mux.o
 .debug_abbrev  0x000019a7       0x70 ./src/DCU/Microcontroller/Adc/Adc.o
 .debug_abbrev  0x00001a17      0x181 ./src/DCU/Microcontroller/Dio/Dio.o
 .debug_abbrev  0x00001b98       0x3a ./src/DCU/Microcontroller/Mcu/Mcu.o
 .debug_abbrev  0x00001bd2       0x77 ./src/DCU/Microcontroller/Mpu/Mpu.o
 .debug_abbrev  0x00001c49       0x70 ./src/DCU/Microcontroller/Wdg/Wdg.o
 .debug_abbrev  0x00001cb9      0x19f ./src/DCU/Runtime/DcuTasks.o
 .debug_abbrev  0x00001e58      0x14e ./src/main.o
 .debug_abbrev  0x00001fa6      0x2b7 ./src/rtos.o

.debug_aranges  0x00000000      0x830
 .debug_aranges
                0x00000000       0x20 ./Project_Settings/Startup_Code/startup_S32K144.o
 .debug_aranges
                0x00000020       0x30 ./SDK/platform/devices/S32K144/startup/system_S32K144.o
 .debug_aranges
                0x00000050       0x20 ./SDK/platform/devices/startup.o
 .debug_aranges
                0x00000070       0xe0 ./SDK/platform/drivers/src/pins/pins_driver.o
 .debug_aranges
                0x00000150       0x40 ./SDK/platform/drivers/src/pins/pins_port_hw_access.o
 .debug_aranges
                0x00000190       0x40 ./SDK/rtos/FreeRTOS/Source/list.o
 .debug_aranges
                0x000001d0      0x108 ./SDK/rtos/FreeRTOS/Source/queue.o
 .debug_aranges
                0x000002d8      0x1b0 ./SDK/rtos/FreeRTOS/Source/tasks.o
 .debug_aranges
                0x00000488       0xa0 ./SDK/rtos/FreeRTOS/Source/timers.o
 .debug_aranges
                0x00000528       0x80 ./SDK/rtos/FreeRTOS/Source/portable/GCC/ARM_CM4F/port.o
 .debug_aranges
                0x000005a8       0x38 ./SDK/rtos/FreeRTOS/Source/portable/MemMang/heap_1.o
 .debug_aranges
                0x000005e0       0x18 ./board/pin_mux.o
 .debug_aranges
                0x000005f8       0x30 ./src/DCU/Microcontroller/Adc/Adc.o
 .debug_aranges
                0x00000628       0xc0 ./src/DCU/Microcontroller/Dio/Dio.o
 .debug_aranges
                0x000006e8       0x20 ./src/DCU/Microcontroller/Mcu/Mcu.o
 .debug_aranges
                0x00000708       0x38 ./src/DCU/Microcontroller/Mpu/Mpu.o
 .debug_aranges
                0x00000740       0x28 ./src/DCU/Microcontroller/Wdg/Wdg.o
 .debug_aranges
                0x00000768       0x38 ./src/DCU/Runtime/DcuTasks.o
 .debug_aranges
                0x000007a0       0x20 ./src/main.o
 .debug_aranges
                0x000007c0       0x70 ./src/rtos.o

.debug_str      0x00000000    0x78cbc
 .debug_str     0x00000000       0xc2 ./Project_Settings/Startup_Code/startup_S32K144.o
 .debug_str     0x000000c2    0x693a8 ./SDK/platform/devices/S32K144/startup/system_S32K144.o
                              0x69531 (size before relaxing)
 .debug_str     0x0006946a      0x399 ./SDK/platform/devices/startup.o
                              0x696a3 (size before relaxing)
 .debug_str     0x00069803     0x14fd ./SDK/platform/drivers/src/pins/pins_driver.o
                              0x6a7ff (size before relaxing)
 .debug_str     0x0006ad00      0x25d ./SDK/platform/drivers/src/pins/pins_port_hw_access.o
                              0x69ce7 (size before relaxing)
 .debug_str     0x0006af5d     0x69f6 ./SDK/rtos/FreeRTOS/Source/list.o
                               0xa27b (size before relaxing)
 .debug_str     0x00071953     0x186a ./SDK/rtos/FreeRTOS/Source/queue.o
                               0xbad0 (size before relaxing)
 .debug_str     0x000731bd     0x22de ./SDK/rtos/FreeRTOS/Source/tasks.o
                               0xcf4b (size before relaxing)
 .debug_str     0x0007549b      0x5af ./SDK/rtos/FreeRTOS/Source/timers.o
                               0xbf4c (size before relaxing)
 .debug_str     0x00075a4a      0x7ab ./SDK/rtos/FreeRTOS/Source/portable/GCC/ARM_CM4F/port.o
                               0x7ed8 (size before relaxing)
 .debug_str     0x000761f5      0x12d ./SDK/rtos/FreeRTOS/Source/portable/MemMang/heap_1.o
                               0xa94d (size before relaxing)
 .debug_str     0x00076322       0x53 ./board/pin_mux.o
                              0x699ae (size before relaxing)
 .debug_str     0x00076375      0x113 ./src/DCU/Microcontroller/Adc/Adc.o
                               0x281a (size before relaxing)
 .debug_str     0x00076488     0x17da ./src/DCU/Microcontroller/Dio/Dio.o
                              0x6ecc4 (size before relaxing)
 .debug_str     0x00077c62       0x46 ./src/DCU/Microcontroller/Mcu/Mcu.o
                               0x27aa (size before relaxing)
 .debug_str     0x00077ca8       0x81 ./src/DCU/Microcontroller/Mpu/Mpu.o
                               0x27ec (size before relaxing)
 .debug_str     0x00077d29       0xa7 ./src/DCU/Microcontroller/Wdg/Wdg.o
                               0x280b (size before relaxing)
 .debug_str     0x00077dd0      0x55f ./src/DCU/Runtime/DcuTasks.o
                              0x706a8 (size before relaxing)
 .debug_str     0x0007832f       0x13 ./src/main.o
                              0x6e81c (size before relaxing)
 .debug_str     0x00078342      0x97a ./src/rtos.o
                              0x7110c (size before relaxing)

.debug_loc      0x00000000     0x50cd
 .debug_loc     0x00000000       0xeb ./SDK/platform/devices/S32K144/startup/system_S32K144.o
 .debug_loc     0x000000eb       0xec ./SDK/platform/devices/startup.o
 .debug_loc     0x000001d7      0x7c7 ./SDK/platform/drivers/src/pins/pins_driver.o
 .debug_loc     0x0000099e      0x639 ./SDK/platform/drivers/src/pins/pins_port_hw_access.o
 .debug_loc     0x00000fd7       0x65 ./SDK/rtos/FreeRTOS/Source/list.o
 .debug_loc     0x0000103c     0x1465 ./SDK/rtos/FreeRTOS/Source/queue.o
 .debug_loc     0x000024a1     0x1e57 ./SDK/rtos/FreeRTOS/Source/tasks.o
 .debug_loc     0x000042f8      0xb6e ./SDK/rtos/FreeRTOS/Source/timers.o
 .debug_loc     0x00004e66       0xdc ./SDK/rtos/FreeRTOS/Source/portable/GCC/ARM_CM4F/port.o
 .debug_loc     0x00004f42       0xe6 ./SDK/rtos/FreeRTOS/Source/portable/MemMang/heap_1.o
 .debug_loc     0x00005028       0x42 ./src/DCU/Runtime/DcuTasks.o
 .debug_loc     0x0000506a       0x63 ./src/rtos.o

.debug_ranges   0x00000000      0x9c8
 .debug_ranges  0x00000000       0x20 ./SDK/platform/devices/S32K144/startup/system_S32K144.o
 .debug_ranges  0x00000020       0x10 ./SDK/platform/devices/startup.o
 .debug_ranges  0x00000030       0xd0 ./SDK/platform/drivers/src/pins/pins_driver.o
 .debug_ranges  0x00000100       0x48 ./SDK/platform/drivers/src/pins/pins_port_hw_access.o
 .debug_ranges  0x00000148       0x30 ./SDK/rtos/FreeRTOS/Source/list.o
 .debug_ranges  0x00000178      0x260 ./SDK/rtos/FreeRTOS/Source/queue.o
 .debug_ranges  0x000003d8      0x298 ./SDK/rtos/FreeRTOS/Source/tasks.o
 .debug_ranges  0x00000670      0x108 ./SDK/rtos/FreeRTOS/Source/timers.o
 .debug_ranges  0x00000778       0x70 ./SDK/rtos/FreeRTOS/Source/portable/GCC/ARM_CM4F/port.o
 .debug_ranges  0x000007e8       0x28 ./SDK/rtos/FreeRTOS/Source/portable/MemMang/heap_1.o
 .debug_ranges  0x00000810       0x20 ./src/DCU/Microcontroller/Adc/Adc.o
 .debug_ranges  0x00000830       0xb0 ./src/DCU/Microcontroller/Dio/Dio.o
 .debug_ranges  0x000008e0       0x10 ./src/DCU/Microcontroller/Mcu/Mcu.o
 .debug_ranges  0x000008f0       0x28 ./src/DCU/Microcontroller/Mpu/Mpu.o
 .debug_ranges  0x00000918       0x18 ./src/DCU/Microcontroller/Wdg/Wdg.o
 .debug_ranges  0x00000930       0x28 ./src/DCU/Runtime/DcuTasks.o
 .debug_ranges  0x00000958       0x10 ./src/main.o
 .debug_ranges  0x00000968       0x60 ./src/rtos.o

.debug_macro    0x00000000    0x212e8
 .debug_macro   0x00000000       0xb6 ./SDK/platform/devices/S32K144/startup/system_S32K144.o
 .debug_macro   0x000000b6      0x8da ./SDK/platform/devices/S32K144/startup/system_S32K144.o
 .debug_macro   0x00000990       0x10 ./SDK/platform/devices/S32K144/startup/system_S32K144.o
 .debug_macro   0x000009a0       0x79 ./SDK/platform/devices/S32K144/startup/system_S32K144.o
 .debug_macro   0x00000a19       0x19 ./SDK/platform/devices/S32K144/startup/system_S32K144.o
 .debug_macro   0x00000a32       0x22 ./SDK/platform/devices/S32K144/startup/system_S32K144.o
 .debug_macro   0x00000a54       0x4f ./SDK/platform/devices/S32K144/startup/system_S32K144.o
 .debug_macro   0x00000aa3       0x51 ./SDK/platform/devices/S32K144/startup/system_S32K144.o
 .debug_macro   0x00000af4       0xef ./SDK/platform/devices/S32K144/startup/system_S32K144.o
 .debug_macro   0x00000be3       0x6a ./SDK/platform/devices/S32K144/startup/system_S32K144.o
 .debug_macro   0x00000c4d      0x1df ./SDK/platform/devices/S32K144/startup/system_S32K144.o
 .debug_macro   0x00000e2c     0xee9e ./SDK/platform/devices/S32K144/startup/system_S32K144.o
 .debug_macro   0x0000fcca      0xbbd ./SDK/platform/devices/S32K144/startup/system_S32K144.o
 .debug_macro   0x00010887       0x22 ./SDK/platform/devices/S32K144/startup/system_S32K144.o
 .debug_macro   0x000108a9       0x28 ./SDK/platform/devices/S32K144/startup/system_S32K144.o
 .debug_macro   0x000108d1       0xb6 ./SDK/platform/devices/startup.o
 .debug_macro   0x00010987     0xeeb3 ./SDK/platform/devices/startup.o
 .debug_macro   0x0001f83a       0x40 ./SDK/platform/devices/startup.o
 .debug_macro   0x0001f87a       0xde ./SDK/platform/drivers/src/pins/pins_driver.o
 .debug_macro   0x0001f958       0xde ./SDK/platform/drivers/src/pins/pins_port_hw_access.o
 .debug_macro   0x0001fa36      0x172 ./SDK/rtos/FreeRTOS/Source/list.o
 .debug_macro   0x0001fba8      0x1e8 ./SDK/rtos/FreeRTOS/Source/queue.o
 .debug_macro   0x0001fd90       0x16 ./SDK/rtos/FreeRTOS/Source/queue.o
 .debug_macro   0x0001fda6       0x35 ./SDK/rtos/FreeRTOS/Source/queue.o
 .debug_macro   0x0001fddb       0x80 ./SDK/rtos/FreeRTOS/Source/queue.o
 .debug_macro   0x0001fe5b      0x2a9 ./SDK/rtos/FreeRTOS/Source/tasks.o
 .debug_macro   0x00020104       0x10 ./SDK/rtos/FreeRTOS/Source/tasks.o
 .debug_macro   0x00020114       0x1c ./SDK/rtos/FreeRTOS/Source/tasks.o
 .debug_macro   0x00020130       0x10 ./SDK/rtos/FreeRTOS/Source/tasks.o
 .debug_macro   0x00020140       0x10 ./SDK/rtos/FreeRTOS/Source/tasks.o
 .debug_macro   0x00020150       0xb6 ./SDK/rtos/FreeRTOS/Source/tasks.o
 .debug_macro   0x00020206       0x16 ./SDK/rtos/FreeRTOS/Source/tasks.o
 .debug_macro   0x0002021c      0x130 ./SDK/rtos/FreeRTOS/Source/tasks.o
 .debug_macro   0x0002034c      0x1c7 ./SDK/rtos/FreeRTOS/Source/timers.o
 .debug_macro   0x00020513       0x97 ./SDK/rtos/FreeRTOS/Source/timers.o
 .debug_macro   0x000205aa      0x196 ./SDK/rtos/FreeRTOS/Source/portable/GCC/ARM_CM4F/port.o
 .debug_macro   0x00020740      0x193 ./SDK/rtos/FreeRTOS/Source/portable/MemMang/heap_1.o
 .debug_macro   0x000208d3       0xda ./board/pin_mux.o
 .debug_macro   0x000209ad       0x23 ./src/DCU/Microcontroller/Adc/Adc.o
 .debug_macro   0x000209d0      0x172 ./src/DCU/Microcontroller/Dio/Dio.o
 .debug_macro   0x00020b42      0x1a8 ./src/DCU/Microcontroller/Dio/Dio.o
 .debug_macro   0x00020cea       0x24 ./src/DCU/Microcontroller/Mcu/Mcu.o
 .debug_macro   0x00020d0e       0x24 ./src/DCU/Microcontroller/Mpu/Mpu.o
 .debug_macro   0x00020d32       0x23 ./src/DCU/Microcontroller/Wdg/Wdg.o
 .debug_macro   0x00020d55       0x16 ./src/DCU/Microcontroller/Wdg/Wdg.o
 .debug_macro   0x00020d6b      0x1f6 ./src/DCU/Runtime/DcuTasks.o
 .debug_macro   0x00020f61      0x164 ./src/main.o
 .debug_macro   0x000210c5      0x1d7 ./src/rtos.o
 .debug_macro   0x0002129c       0x4c ./src/rtos.o

.comment        0x00000000       0xa0
 .comment       0x00000000       0xa0 ./SDK/platform/devices/S32K144/startup/system_S32K144.o
                                 0xa1 (size before relaxing)
 .comment       0x000000a0       0xa1 ./SDK/platform/devices/startup.o
 .comment       0x000000a0       0xa1 ./SDK/platform/drivers/src/pins/pins_driver.o
 .comment       0x000000a0       0xa1 ./SDK/platform/drivers/src/pins/pins_port_hw_access.o
 .comment       0x000000a0       0xa1 ./SDK/rtos/FreeRTOS/Source/list.o
 .comment       0x000000a0       0xa1 ./SDK/rtos/FreeRTOS/Source/queue.o
 .comment       0x000000a0       0xa1 ./SDK/rtos/FreeRTOS/Source/tasks.o
 .comment       0x000000a0       0xa1 ./SDK/rtos/FreeRTOS/Source/timers.o
 .comment       0x000000a0       0xa1 ./SDK/rtos/FreeRTOS/Source/portable/GCC/ARM_CM4F/port.o
 .comment       0x000000a0       0xa1 ./SDK/rtos/FreeRTOS/Source/portable/MemMang/heap_1.o
 .comment       0x000000a0       0xa1 ./board/pin_mux.o
 .comment       0x000000a0       0xa1 ./src/DCU/Microcontroller/Adc/Adc.o
 .comment       0x000000a0       0xa1 ./src/DCU/Microcontroller/Dio/Dio.o
 .comment       0x000000a0       0xa1 ./src/DCU/Microcontroller/Mcu/Mcu.o
 .comment       0x000000a0       0xa1 ./src/DCU/Microcontroller/Mpu/Mpu.o
 .comment       0x000000a0       0xa1 ./src/DCU/Microcontroller/Wdg/Wdg.o
 .comment       0x000000a0       0xa1 ./src/DCU/Runtime/DcuTasks.o
 .comment       0x000000a0       0xa1 ./src/main.o
 .comment       0x000000a0       0xa1 ./src/rtos.o

.debug_frame    0x00000000     0x13c8
 .debug_frame   0x00000000       0x40 ./SDK/platform/devices/S32K144/startup/system_S32K144.o
 .debug_frame   0x00000040       0x2c ./SDK/platform/devices/startup.o
 .debug_frame   0x0000006c      0x1e4 ./SDK/platform/drivers/src/pins/pins_driver.o
 .debug_frame   0x00000250       0xa0 ./SDK/platform/drivers/src/pins/pins_port_hw_access.o
 .debug_frame   0x000002f0       0x6c ./SDK/rtos/FreeRTOS/Source/list.o
 .debug_frame   0x0000035c      0x374 ./SDK/rtos/FreeRTOS/Source/queue.o
 .debug_frame   0x000006d0      0x57c ./SDK/rtos/FreeRTOS/Source/tasks.o
 .debug_frame   0x00000c4c      0x1f0 ./SDK/rtos/FreeRTOS/Source/timers.o
 .debug_frame   0x00000e3c      0x100 ./SDK/rtos/FreeRTOS/Source/portable/GCC/ARM_CM4F/port.o
 .debug_frame   0x00000f3c       0x5c ./SDK/rtos/FreeRTOS/Source/portable/MemMang/heap_1.o
 .debug_frame   0x00000f98       0x40 ./src/DCU/Microcontroller/Adc/Adc.o
 .debug_frame   0x00000fd8      0x168 ./src/DCU/Microcontroller/Dio/Dio.o
 .debug_frame   0x00001140       0x20 ./src/DCU/Microcontroller/Mcu/Mcu.o
 .debug_frame   0x00001160       0x50 ./src/DCU/Microcontroller/Mpu/Mpu.o
 .debug_frame   0x000011b0       0x30 ./src/DCU/Microcontroller/Wdg/Wdg.o
 .debug_frame   0x000011e0       0x78 ./src/DCU/Runtime/DcuTasks.o
 .debug_frame   0x00001258       0x28 ./src/main.o
 .debug_frame   0x00001280      0x100 ./src/rtos.o
 .debug_frame   0x00001380       0x28 C:/nxp/S32DS.3.4/S32DS/build_tools/gcc_b1620/gcc-6.3-arm32-eabi/arm-none-eabi/newlib/lib/thumb/v7e-m/fpv4-sp/hard\libc_nano.a(lib_a-memcpy-stub.o)
 .debug_frame   0x000013a8       0x20 C:/nxp/S32DS.3.4/S32DS/build_tools/gcc_b1620/gcc-6.3-arm32-eabi/arm-none-eabi/newlib/lib/thumb/v7e-m/fpv4-sp/hard\libc_nano.a(lib_a-memset.o)
